---
source: src/convert.rs
expression: qis_text.unwrap().to_string()
---
; ModuleID = 'qis_module'
source_filename = "qir"
target datalayout = "e-m:e-p270:32:32-p271:32:32-p272:64:64-i8:8:32-i16:16:32-i64:64-i128:128-n32:64-S128-Fn32"
target triple = "aarch64-unknown-linux-gnu"

@qis_qs = private unnamed_addr global [5 x i64] zeroinitializer
@e_qalloc_fail = private constant [47 x i8] c".EXIT:INT:No more qubits available to allocate."
@res_s0.1 = private constant [12 x i8] c"\0BUSER:INT:s0"
@res_rng_int1.2 = private constant [18 x i8] c"\11USER:INT:rng_int1"
@res_rng_int2.3 = private constant [18 x i8] c"\11USER:INT:rng_int2"
@res_rng_flt.4 = private constant [19 x i8] c"\12USER:FLOAT:rng_flt"
@res_rng_intb.5 = private constant [18 x i8] c"\11USER:INT:rng_intb"
@res_r0.6 = private constant [12 x i8] c"\0BUSER:INT:r0"
@res_r1.7 = private constant [12 x i8] c"\0BUSER:INT:r1"
@res_r2.8 = private constant [12 x i8] c"\0BUSER:INT:r2"
@res_i0.9 = private constant [12 x i8] c"\0BUSER:INT:i0"
@res_i1.10 = private constant [12 x i8] c"\0BUSER:INT:i1"
@res_f0.11 = private constant [14 x i8] c"\0DUSER:FLOAT:f0"
@gen_name = local_unnamed_addr global [7 x i8] c"qir-qis", section ",generator"
@gen_version = local_unnamed_addr global [5 x i8] c"0.0.0", section ",generator"

define void @___user_qir_ENTRYPOINT__main() local_unnamed_addr {
block_0:
  %qalloc.i = tail call i64 @___qalloc()
  %is_fail.i = icmp eq i64 %qalloc.i, -1
  br i1 %is_fail.i, label %qalloc_fail.i, label %qir_qis.init_qubit.exit

qalloc_fail.i:                                    ; preds = %block_0
  tail call void @panic(i32 1001, ptr nonnull @e_qalloc_fail)
  unreachable

qir_qis.init_qubit.exit:                          ; preds = %block_0
  tail call void @___reset(i64 %qalloc.i)
  store i64 %qalloc.i, ptr @qis_qs, align 16
  %qalloc.i25 = tail call i64 @___qalloc()
  %is_fail.i26 = icmp eq i64 %qalloc.i25, -1
  br i1 %is_fail.i26, label %qalloc_fail.i27, label %qir_qis.init_qubit.exit28

qalloc_fail.i27:                                  ; preds = %qir_qis.init_qubit.exit
  tail call void @panic(i32 1001, ptr nonnull @e_qalloc_fail)
  unreachable

qir_qis.init_qubit.exit28:                        ; preds = %qir_qis.init_qubit.exit
  tail call void @___reset(i64 %qalloc.i25)
  store i64 %qalloc.i25, ptr getelementptr inbounds nuw (i8, ptr @qis_qs, i64 8), align 8
  %qalloc.i29 = tail call i64 @___qalloc()
  %is_fail.i30 = icmp eq i64 %qalloc.i29, -1
  br i1 %is_fail.i30, label %qalloc_fail.i31, label %qir_qis.init_qubit.exit32

qalloc_fail.i31:                                  ; preds = %qir_qis.init_qubit.exit28
  tail call void @panic(i32 1001, ptr nonnull @e_qalloc_fail)
  unreachable

qir_qis.init_qubit.exit32:                        ; preds = %qir_qis.init_qubit.exit28
  tail call void @___reset(i64 %qalloc.i29)
  store i64 %qalloc.i29, ptr getelementptr inbounds nuw (i8, ptr @qis_qs, i64 16), align 16
  %qalloc.i33 = tail call i64 @___qalloc()
  %is_fail.i34 = icmp eq i64 %qalloc.i33, -1
  br i1 %is_fail.i34, label %qalloc_fail.i35, label %qir_qis.init_qubit.exit36

qalloc_fail.i35:                                  ; preds = %qir_qis.init_qubit.exit32
  tail call void @panic(i32 1001, ptr nonnull @e_qalloc_fail)
  unreachable

qir_qis.init_qubit.exit36:                        ; preds = %qir_qis.init_qubit.exit32
  tail call void @___reset(i64 %qalloc.i33)
  store i64 %qalloc.i33, ptr getelementptr inbounds nuw (i8, ptr @qis_qs, i64 24), align 8
  %qalloc.i37 = tail call i64 @___qalloc()
  %is_fail.i38 = icmp eq i64 %qalloc.i37, -1
  br i1 %is_fail.i38, label %qalloc_fail.i39, label %qir_qis.init_qubit.exit40

qalloc_fail.i39:                                  ; preds = %qir_qis.init_qubit.exit36
  tail call void @panic(i32 1001, ptr nonnull @e_qalloc_fail)
  unreachable

qir_qis.init_qubit.exit40:                        ; preds = %qir_qis.init_qubit.exit36
  tail call void @___reset(i64 %qalloc.i37)
  store i64 %qalloc.i37, ptr getelementptr inbounds nuw (i8, ptr @qis_qs, i64 32), align 16
  %qbit.i.i = load i64, ptr @qis_qs, align 16
  tail call void @___rxy(i64 %qbit.i.i, double 0x400921FB54442D18, double 0.000000e+00)
  %qbit.i.i41 = load i64, ptr getelementptr inbounds nuw (i8, ptr @qis_qs, i64 8), align 8
  tail call void @___rxy(i64 %qbit.i.i41, double 0x400921FB54442D18, double 0.000000e+00)
  %qbit.i.i42 = load i64, ptr getelementptr inbounds nuw (i8, ptr @qis_qs, i64 16), align 16
  tail call void @___rxy(i64 %qbit.i.i42, double 0x400921FB54442D18, double 0.000000e+00)
  %qbit.i.i43 = load i64, ptr getelementptr inbounds nuw (i8, ptr @qis_qs, i64 24), align 8
  tail call void @___rxy(i64 %qbit.i.i43, double 0x400921FB54442D18, double 0.000000e+00)
  %qbit.i.i44 = load i64, ptr getelementptr inbounds nuw (i8, ptr @qis_qs, i64 32), align 16
  tail call void @___rxy(i64 %qbit.i.i44, double 0x400921FB54442D18, double 0.000000e+00)
  %qbit = load i64, ptr @qis_qs, align 16
  %meas = tail call i64 @___lazy_measure(i64 %qbit)
  %qbit1 = load i64, ptr getelementptr inbounds nuw (i8, ptr @qis_qs, i64 8), align 8
  %meas2 = tail call i64 @___lazy_measure(i64 %qbit1)
  %qbit3 = load i64, ptr getelementptr inbounds nuw (i8, ptr @qis_qs, i64 16), align 16
  %meas4 = tail call i64 @___lazy_measure(i64 %qbit3)
  %qbit5 = load i64, ptr getelementptr inbounds nuw (i8, ptr @qis_qs, i64 24), align 8
  %meas6 = tail call i64 @___lazy_measure(i64 %qbit5)
  %qbit7 = load i64, ptr getelementptr inbounds nuw (i8, ptr @qis_qs, i64 32), align 16
  %meas8 = tail call i64 @___lazy_measure(i64 %qbit7)
  %bool = tail call i1 @___read_future_bool(i64 %meas)
  tail call void @___dec_future_refcount(i64 %meas)
  br i1 %bool, label %block_1, label %block_2

block_1:                                          ; preds = %qir_qis.init_qubit.exit40
  br label %block_2

block_2:                                          ; preds = %block_1, %qir_qis.init_qubit.exit40
  %var_39 = phi i64 [ 1, %qir_qis.init_qubit.exit40 ], [ 3, %block_1 ]
  %var_38 = phi i64 [ 10, %qir_qis.init_qubit.exit40 ], [ 8, %block_1 ]
  %var_37 = phi i64 [ 0, %qir_qis.init_qubit.exit40 ], [ 5, %block_1 ]
  %var_36 = phi i64 [ 0, %qir_qis.init_qubit.exit40 ], [ 1, %block_1 ]
  %bool9 = tail call i1 @___read_future_bool(i64 %meas2)
  tail call void @___dec_future_refcount(i64 %meas2)
  br i1 %bool9, label %block_3, label %block_4

block_3:                                          ; preds = %block_2
  %var_12 = add nuw nsw i64 %var_36, 1
  %var_13 = add nuw nsw i64 %var_37, 5
  %var_14 = add nsw i64 %var_38, -2
  %var_15 = mul nuw nsw i64 %var_39, 3
  br label %block_4

block_4:                                          ; preds = %block_3, %block_2
  %var_43 = phi i64 [ %var_39, %block_2 ], [ %var_15, %block_3 ]
  %var_42 = phi i64 [ %var_38, %block_2 ], [ %var_14, %block_3 ]
  %var_41 = phi i64 [ %var_37, %block_2 ], [ %var_13, %block_3 ]
  %var_40 = phi i64 [ %var_36, %block_2 ], [ %var_12, %block_3 ]
  %bool10 = tail call i1 @___read_future_bool(i64 %meas4)
  tail call void @___dec_future_refcount(i64 %meas4)
  br i1 %bool10, label %block_5, label %block_6

block_5:                                          ; preds = %block_4
  %var_18 = add nuw nsw i64 %var_40, 1
  %var_19 = add nuw nsw i64 %var_41, 5
  %var_20 = add nsw i64 %var_42, -2
  %var_21 = mul nuw nsw i64 %var_43, 3
  br label %block_6

block_6:                                          ; preds = %block_5, %block_4
  %var_47 = phi i64 [ %var_43, %block_4 ], [ %var_21, %block_5 ]
  %var_46 = phi i64 [ %var_42, %block_4 ], [ %var_20, %block_5 ]
  %var_45 = phi i64 [ %var_41, %block_4 ], [ %var_19, %block_5 ]
  %var_44 = phi i64 [ %var_40, %block_4 ], [ %var_18, %block_5 ]
  %bool11 = tail call i1 @___read_future_bool(i64 %meas6)
  tail call void @___dec_future_refcount(i64 %meas6)
  br i1 %bool11, label %block_7, label %block_8

block_7:                                          ; preds = %block_6
  %var_24 = add nuw nsw i64 %var_44, 1
  %var_25 = add nuw nsw i64 %var_45, 5
  %var_26 = add nsw i64 %var_46, -2
  %var_27 = mul nuw nsw i64 %var_47, 3
  br label %block_8

block_8:                                          ; preds = %block_7, %block_6
  %var_51 = phi i64 [ %var_47, %block_6 ], [ %var_27, %block_7 ]
  %var_50 = phi i64 [ %var_46, %block_6 ], [ %var_26, %block_7 ]
  %var_49 = phi i64 [ %var_45, %block_6 ], [ %var_25, %block_7 ]
  %var_48 = phi i64 [ %var_44, %block_6 ], [ %var_24, %block_7 ]
  %bool12 = tail call i1 @___read_future_bool(i64 %meas8)
  tail call void @___dec_future_refcount(i64 %meas8)
  br i1 %bool12, label %block_9, label %block_10

block_9:                                          ; preds = %block_8
  %var_30 = add nuw nsw i64 %var_48, 1
  %var_31 = add nuw nsw i64 %var_49, 5
  %var_32 = add nsw i64 %var_50, -2
  %var_33 = mul nuw nsw i64 %var_51, 3
  br label %block_10

block_10:                                         ; preds = %block_9, %block_8
  %var_55 = phi i64 [ %var_51, %block_8 ], [ %var_33, %block_9 ]
  %var_54 = phi i64 [ %var_50, %block_8 ], [ %var_32, %block_9 ]
  %var_53 = phi i64 [ %var_49, %block_8 ], [ %var_31, %block_9 ]
  %var_52 = phi i64 [ %var_48, %block_8 ], [ %var_30, %block_9 ]
  %qbit.i = load i64, ptr @qis_qs, align 16
  tail call void @___reset(i64 %qbit.i)
  %qbit.i45 = load i64, ptr getelementptr inbounds nuw (i8, ptr @qis_qs, i64 8), align 8
  tail call void @___reset(i64 %qbit.i45)
  %qbit.i46 = load i64, ptr getelementptr inbounds nuw (i8, ptr @qis_qs, i64 16), align 16
  tail call void @___reset(i64 %qbit.i46)
  %qbit.i47 = load i64, ptr getelementptr inbounds nuw (i8, ptr @qis_qs, i64 24), align 8
  tail call void @___reset(i64 %qbit.i47)
  %qbit.i48 = load i64, ptr getelementptr inbounds nuw (i8, ptr @qis_qs, i64 32), align 16
  tail call void @___reset(i64 %qbit.i48)
  %current_shot = tail call i64 @get_current_shot()
  tail call void @print_int(ptr nonnull @res_s0.1, i64 11, i64 %current_shot)
  tail call void @random_seed(i64 42)
  %rint18 = tail call i32 @random_int()
  %rint64 = sext i32 %rint18 to i64
  tail call void @print_int(ptr nonnull @res_rng_int1.2, i64 17, i64 %rint64)
  tail call void @random_advance(i64 -1)
  %rint = tail call i32 @random_int()
  %rint64a = sext i32 %rint to i64
  tail call void @print_int(ptr nonnull @res_rng_int2.3, i64 17, i64 %rint64a)
  %rfloat19 = tail call double @random_float()
  tail call void @print_float(ptr nonnull @res_rng_flt.4, i64 18, double %rfloat19)
  br label %random

random:                                           ; preds = %random.backedge, %block_10
  %rintb = tail call i32 @random_rng(i32 5)
  %val64 = sext i32 %rintb to i64
  tail call void @print_int(ptr nonnull @res_rng_intb.5, i64 17, i64 %val64)
  switch i32 %rintb, label %otherwise [
    i32 0, label %onzero
    i32 1, label %onone
    i32 2, label %ontwo
  ]

onzero:                                           ; preds = %random
  tail call void @print_int(ptr nonnull @res_r0.6, i64 11, i64 %var_52)
  br label %random.backedge

random.backedge:                                  ; preds = %ontwo, %onone, %onzero
  br label %random

onone:                                            ; preds = %random
  tail call void @print_int(ptr nonnull @res_r1.7, i64 11, i64 %var_53)
  br label %random.backedge

ontwo:                                            ; preds = %random
  tail call void @print_int(ptr nonnull @res_r2.8, i64 11, i64 %var_54)
  br label %random.backedge

otherwise:                                        ; preds = %random
  tail call void @print_int(ptr nonnull @res_i0.9, i64 11, i64 %var_55)
  tail call void @print_int(ptr nonnull @res_i1.10, i64 11, i64 %rint64)
  tail call void @print_float(ptr nonnull @res_f0.11, i64 13, double %rfloat19)
  %qbit20 = load i64, ptr @qis_qs, align 16
  tail call void @___qfree(i64 %qbit20)
  %qbit21 = load i64, ptr getelementptr inbounds nuw (i8, ptr @qis_qs, i64 8), align 8
  tail call void @___qfree(i64 %qbit21)
  %qbit22 = load i64, ptr getelementptr inbounds nuw (i8, ptr @qis_qs, i64 16), align 16
  tail call void @___qfree(i64 %qbit22)
  %qbit23 = load i64, ptr getelementptr inbounds nuw (i8, ptr @qis_qs, i64 24), align 8
  tail call void @___qfree(i64 %qbit23)
  %qbit24 = load i64, ptr getelementptr inbounds nuw (i8, ptr @qis_qs, i64 32), align 16
  tail call void @___qfree(i64 %qbit24)
  ret void
}

declare i64 @___qalloc() local_unnamed_addr

declare void @panic(i32, ptr) local_unnamed_addr

declare void @___reset(i64) local_unnamed_addr

; Function Attrs: mustprogress nofree norecurse nosync nounwind willreturn memory(read, argmem: none, inaccessiblemem: none)
define i64 @qir_qis.load_qubit(ptr %0) local_unnamed_addr #0 {
entry:
  %idx = ptrtoint ptr %0 to i64
  %qbit_ptr = getelementptr [5 x i64], ptr @qis_qs, i64 0, i64 %idx
  %qbit = load i64, ptr %qbit_ptr, align 8
  ret i64 %qbit
}

declare i64 @___lazy_measure(i64) local_unnamed_addr

declare i1 @___read_future_bool(i64) local_unnamed_addr

declare void @___dec_future_refcount(i64) local_unnamed_addr

declare i64 @get_current_shot() local_unnamed_addr

declare void @print_int(ptr, i64, i64) local_unnamed_addr

declare void @random_seed(i64) local_unnamed_addr

declare i32 @random_int() local_unnamed_addr

declare void @random_advance(i64) local_unnamed_addr

declare double @random_float() local_unnamed_addr

declare void @print_float(ptr, i64, double) local_unnamed_addr

declare i32 @random_rng(i32) local_unnamed_addr

declare void @___rxy(i64, double, double) local_unnamed_addr

declare void @___qfree(i64) local_unnamed_addr

define i64 @qmain(i64 %0) local_unnamed_addr {
entry:
  tail call void @setup(i64 %0)
  tail call void @___user_qir_ENTRYPOINT__main()
  %retval = tail call i64 @teardown()
  ret i64 %retval
}

declare void @setup(i64) local_unnamed_addr

declare i64 @teardown() local_unnamed_addr

attributes #0 = { mustprogress nofree norecurse nosync nounwind willreturn memory(read, argmem: none, inaccessiblemem: none) }

!llvm.module.flags = !{!0, !1, !2, !3, !4, !6, !8, !9, !10, !11}
!name = !{!12}

!0 = !{i32 1, !"qir_major_version", i32 1}
!1 = !{i32 7, !"qir_minor_version", i32 0}
!2 = !{i32 1, !"dynamic_qubit_management", i1 false}
!3 = !{i32 1, !"dynamic_result_management", i1 false}
!4 = !{i32 5, !"int_computations", !5}
!5 = !{!"i32", !"i64"}
!6 = !{i32 5, !"float_computations", !7}
!7 = !{!"float", !"double"}
!8 = !{i32 1, !"ir_functions", i1 false}
!9 = !{i32 1, !"backwards_branching", i2 0}
!10 = !{i32 1, !"multiple_target_branching", i1 true}
!11 = !{i32 1, !"multiple_return_points", i1 false}
!12 = !{!"mainlib"}
