---
source: src/convert.rs
expression: qis_text.to_string()
---
; ModuleID = 'qis_module'
source_filename = "qir"
target datalayout = "e-m:e-p270:32:32-p271:32:32-p272:64:64-i8:8:32-i16:16:32-i64:64-i128:128-n32:64-S128-Fn32"
target triple = "aarch64-unknown-linux-gnu"

@qis_qs = private unnamed_addr global [12 x i64] zeroinitializer
@e_qalloc_fail = private constant [47 x i8] c".EXIT:INT:No more qubits available to allocate."
@res_r1 = private constant [15 x i8] c"\0EUSER:RESULT:r1"
@res_r2 = private constant [15 x i8] c"\0EUSER:RESULT:r2"
@res_r3 = private constant [15 x i8] c"\0EUSER:RESULT:r3"
@res_r4 = private constant [15 x i8] c"\0EUSER:RESULT:r4"
@res_r5 = private constant [15 x i8] c"\0EUSER:RESULT:r5"
@res_t0.1 = private constant [17 x i8] c"\10USER:QIRTUPLE:t0"
@gen_name = local_unnamed_addr global [7 x i8] c"qir-qis", section ",generator"
@gen_version = local_unnamed_addr global [5 x i8] c"0.0.0", section ",generator"

define noundef i64 @___user_qir_test_barriers_multi() local_unnamed_addr {
entry:
  %qalloc.i = tail call i64 @___qalloc()
  %is_fail.i = icmp eq i64 %qalloc.i, -1
  br i1 %is_fail.i, label %qalloc_fail.i, label %qir_qis.init_qubit.exit

qalloc_fail.i:                                    ; preds = %entry
  tail call void @panic(i32 1001, ptr nonnull @e_qalloc_fail)
  unreachable

qir_qis.init_qubit.exit:                          ; preds = %entry
  tail call void @___reset(i64 %qalloc.i)
  store i64 %qalloc.i, ptr @qis_qs, align 16
  %qalloc.i44 = tail call i64 @___qalloc()
  %is_fail.i45 = icmp eq i64 %qalloc.i44, -1
  br i1 %is_fail.i45, label %qalloc_fail.i46, label %qir_qis.init_qubit.exit47

qalloc_fail.i46:                                  ; preds = %qir_qis.init_qubit.exit
  tail call void @panic(i32 1001, ptr nonnull @e_qalloc_fail)
  unreachable

qir_qis.init_qubit.exit47:                        ; preds = %qir_qis.init_qubit.exit
  tail call void @___reset(i64 %qalloc.i44)
  store i64 %qalloc.i44, ptr getelementptr inbounds nuw (i8, ptr @qis_qs, i64 8), align 8
  %qalloc.i48 = tail call i64 @___qalloc()
  %is_fail.i49 = icmp eq i64 %qalloc.i48, -1
  br i1 %is_fail.i49, label %qalloc_fail.i50, label %qir_qis.init_qubit.exit51

qalloc_fail.i50:                                  ; preds = %qir_qis.init_qubit.exit47
  tail call void @panic(i32 1001, ptr nonnull @e_qalloc_fail)
  unreachable

qir_qis.init_qubit.exit51:                        ; preds = %qir_qis.init_qubit.exit47
  tail call void @___reset(i64 %qalloc.i48)
  store i64 %qalloc.i48, ptr getelementptr inbounds nuw (i8, ptr @qis_qs, i64 16), align 16
  %qalloc.i52 = tail call i64 @___qalloc()
  %is_fail.i53 = icmp eq i64 %qalloc.i52, -1
  br i1 %is_fail.i53, label %qalloc_fail.i54, label %qir_qis.init_qubit.exit55

qalloc_fail.i54:                                  ; preds = %qir_qis.init_qubit.exit51
  tail call void @panic(i32 1001, ptr nonnull @e_qalloc_fail)
  unreachable

qir_qis.init_qubit.exit55:                        ; preds = %qir_qis.init_qubit.exit51
  tail call void @___reset(i64 %qalloc.i52)
  store i64 %qalloc.i52, ptr getelementptr inbounds nuw (i8, ptr @qis_qs, i64 24), align 8
  %qalloc.i56 = tail call i64 @___qalloc()
  %is_fail.i57 = icmp eq i64 %qalloc.i56, -1
  br i1 %is_fail.i57, label %qalloc_fail.i58, label %qir_qis.init_qubit.exit59

qalloc_fail.i58:                                  ; preds = %qir_qis.init_qubit.exit55
  tail call void @panic(i32 1001, ptr nonnull @e_qalloc_fail)
  unreachable

qir_qis.init_qubit.exit59:                        ; preds = %qir_qis.init_qubit.exit55
  tail call void @___reset(i64 %qalloc.i56)
  store i64 %qalloc.i56, ptr getelementptr inbounds nuw (i8, ptr @qis_qs, i64 32), align 16
  %qalloc.i60 = tail call i64 @___qalloc()
  %is_fail.i61 = icmp eq i64 %qalloc.i60, -1
  br i1 %is_fail.i61, label %qalloc_fail.i62, label %qir_qis.init_qubit.exit63

qalloc_fail.i62:                                  ; preds = %qir_qis.init_qubit.exit59
  tail call void @panic(i32 1001, ptr nonnull @e_qalloc_fail)
  unreachable

qir_qis.init_qubit.exit63:                        ; preds = %qir_qis.init_qubit.exit59
  tail call void @___reset(i64 %qalloc.i60)
  store i64 %qalloc.i60, ptr getelementptr inbounds nuw (i8, ptr @qis_qs, i64 40), align 8
  %qalloc.i64 = tail call i64 @___qalloc()
  %is_fail.i65 = icmp eq i64 %qalloc.i64, -1
  br i1 %is_fail.i65, label %qalloc_fail.i66, label %qir_qis.init_qubit.exit67

qalloc_fail.i66:                                  ; preds = %qir_qis.init_qubit.exit63
  tail call void @panic(i32 1001, ptr nonnull @e_qalloc_fail)
  unreachable

qir_qis.init_qubit.exit67:                        ; preds = %qir_qis.init_qubit.exit63
  tail call void @___reset(i64 %qalloc.i64)
  store i64 %qalloc.i64, ptr getelementptr inbounds nuw (i8, ptr @qis_qs, i64 48), align 16
  %qalloc.i68 = tail call i64 @___qalloc()
  %is_fail.i69 = icmp eq i64 %qalloc.i68, -1
  br i1 %is_fail.i69, label %qalloc_fail.i70, label %qir_qis.init_qubit.exit71

qalloc_fail.i70:                                  ; preds = %qir_qis.init_qubit.exit67
  tail call void @panic(i32 1001, ptr nonnull @e_qalloc_fail)
  unreachable

qir_qis.init_qubit.exit71:                        ; preds = %qir_qis.init_qubit.exit67
  tail call void @___reset(i64 %qalloc.i68)
  store i64 %qalloc.i68, ptr getelementptr inbounds nuw (i8, ptr @qis_qs, i64 56), align 8
  %qalloc.i72 = tail call i64 @___qalloc()
  %is_fail.i73 = icmp eq i64 %qalloc.i72, -1
  br i1 %is_fail.i73, label %qalloc_fail.i74, label %qir_qis.init_qubit.exit75

qalloc_fail.i74:                                  ; preds = %qir_qis.init_qubit.exit71
  tail call void @panic(i32 1001, ptr nonnull @e_qalloc_fail)
  unreachable

qir_qis.init_qubit.exit75:                        ; preds = %qir_qis.init_qubit.exit71
  tail call void @___reset(i64 %qalloc.i72)
  store i64 %qalloc.i72, ptr getelementptr inbounds nuw (i8, ptr @qis_qs, i64 64), align 16
  %qalloc.i76 = tail call i64 @___qalloc()
  %is_fail.i77 = icmp eq i64 %qalloc.i76, -1
  br i1 %is_fail.i77, label %qalloc_fail.i78, label %qir_qis.init_qubit.exit79

qalloc_fail.i78:                                  ; preds = %qir_qis.init_qubit.exit75
  tail call void @panic(i32 1001, ptr nonnull @e_qalloc_fail)
  unreachable

qir_qis.init_qubit.exit79:                        ; preds = %qir_qis.init_qubit.exit75
  tail call void @___reset(i64 %qalloc.i76)
  store i64 %qalloc.i76, ptr getelementptr inbounds nuw (i8, ptr @qis_qs, i64 72), align 8
  %qalloc.i80 = tail call i64 @___qalloc()
  %is_fail.i81 = icmp eq i64 %qalloc.i80, -1
  br i1 %is_fail.i81, label %qalloc_fail.i82, label %qir_qis.init_qubit.exit83

qalloc_fail.i82:                                  ; preds = %qir_qis.init_qubit.exit79
  tail call void @panic(i32 1001, ptr nonnull @e_qalloc_fail)
  unreachable

qir_qis.init_qubit.exit83:                        ; preds = %qir_qis.init_qubit.exit79
  tail call void @___reset(i64 %qalloc.i80)
  store i64 %qalloc.i80, ptr getelementptr inbounds nuw (i8, ptr @qis_qs, i64 80), align 16
  %qalloc.i84 = tail call i64 @___qalloc()
  %is_fail.i85 = icmp eq i64 %qalloc.i84, -1
  br i1 %is_fail.i85, label %qalloc_fail.i86, label %qir_qis.init_qubit.exit87

qalloc_fail.i86:                                  ; preds = %qir_qis.init_qubit.exit83
  tail call void @panic(i32 1001, ptr nonnull @e_qalloc_fail)
  unreachable

qir_qis.init_qubit.exit87:                        ; preds = %qir_qis.init_qubit.exit83
  tail call void @___reset(i64 %qalloc.i84)
  store i64 %qalloc.i84, ptr getelementptr inbounds nuw (i8, ptr @qis_qs, i64 88), align 8
  %qbit.i.i = load i64, ptr @qis_qs, align 16
  tail call void @___rxy(i64 %qbit.i.i, double 0x3FF921FB54442D18, double 0xBFF921FB54442D18)
  %qbit.i4.i = load i64, ptr @qis_qs, align 16
  tail call void @___rz(i64 %qbit.i4.i, double 0x400921FB54442D18)
  %qbit.i.i88 = load i64, ptr getelementptr inbounds nuw (i8, ptr @qis_qs, i64 8), align 8
  tail call void @___rxy(i64 %qbit.i.i88, double 0x400921FB54442D18, double 0.000000e+00)
  %qbit.i.i89 = load i64, ptr getelementptr inbounds nuw (i8, ptr @qis_qs, i64 16), align 16
  tail call void @___rxy(i64 %qbit.i.i89, double 0x400921FB54442D18, double 0.000000e+00)
  %qbit.i.i90 = load i64, ptr getelementptr inbounds nuw (i8, ptr @qis_qs, i64 24), align 8
  tail call void @___rxy(i64 %qbit.i.i90, double 0x400921FB54442D18, double 0.000000e+00)
  %qbit.i.i91 = load i64, ptr getelementptr inbounds nuw (i8, ptr @qis_qs, i64 32), align 16
  tail call void @___rxy(i64 %qbit.i.i91, double 0x400921FB54442D18, double 0.000000e+00)
  %barrier_qubits = alloca [5 x i64], align 16
  %0 = load <2 x i64>, ptr @qis_qs, align 16
  store <2 x i64> %0, ptr %barrier_qubits, align 16
  %1 = getelementptr inbounds nuw i8, ptr %barrier_qubits, i64 16
  %2 = load <2 x i64>, ptr getelementptr inbounds nuw (i8, ptr @qis_qs, i64 16), align 16
  store <2 x i64> %2, ptr %1, align 16
  %qbit4 = load i64, ptr getelementptr inbounds nuw (i8, ptr @qis_qs, i64 32), align 16
  %3 = getelementptr inbounds nuw i8, ptr %barrier_qubits, i64 32
  store i64 %qbit4, ptr %3, align 16
  call void @___barrier(ptr nonnull %barrier_qubits, i64 5)
  %qbit.i.i92 = load i64, ptr getelementptr inbounds nuw (i8, ptr @qis_qs, i64 8), align 8
  call void @___rxy(i64 %qbit.i.i92, double 0xBFF921FB54442D18, double 0x3FF921FB54442D18)
  %qbit.i8.i = load i64, ptr @qis_qs, align 16
  %qbit.i11.i = load i64, ptr getelementptr inbounds nuw (i8, ptr @qis_qs, i64 8), align 8
  call void @___rzz(i64 %qbit.i8.i, i64 %qbit.i11.i, double 0x3FF921FB54442D18)
  %qbit.i14.i = load i64, ptr @qis_qs, align 16
  call void @___rz(i64 %qbit.i14.i, double 0xBFF921FB54442D18)
  %qbit.i17.i = load i64, ptr getelementptr inbounds nuw (i8, ptr @qis_qs, i64 8), align 8
  call void @___rxy(i64 %qbit.i17.i, double 0x3FF921FB54442D18, double 0x400921FB54442D18)
  %qbit.i20.i = load i64, ptr getelementptr inbounds nuw (i8, ptr @qis_qs, i64 8), align 8
  call void @___rz(i64 %qbit.i20.i, double 0xBFF921FB54442D18)
  %barrier_qubits5 = alloca [12 x i64], align 16
  %4 = load <2 x i64>, ptr @qis_qs, align 16
  store <2 x i64> %4, ptr %barrier_qubits5, align 16
  %5 = getelementptr inbounds nuw i8, ptr %barrier_qubits5, i64 16
  %6 = load <2 x i64>, ptr getelementptr inbounds nuw (i8, ptr @qis_qs, i64 16), align 16
  store <2 x i64> %6, ptr %5, align 16
  %7 = getelementptr inbounds nuw i8, ptr %barrier_qubits5, i64 32
  %8 = load <2 x i64>, ptr getelementptr inbounds nuw (i8, ptr @qis_qs, i64 32), align 16
  store <2 x i64> %8, ptr %7, align 16
  %9 = getelementptr inbounds nuw i8, ptr %barrier_qubits5, i64 48
  %10 = load <2 x i64>, ptr getelementptr inbounds nuw (i8, ptr @qis_qs, i64 48), align 16
  store <2 x i64> %10, ptr %9, align 16
  %11 = getelementptr inbounds nuw i8, ptr %barrier_qubits5, i64 64
  %12 = load <2 x i64>, ptr getelementptr inbounds nuw (i8, ptr @qis_qs, i64 64), align 16
  store <2 x i64> %12, ptr %11, align 16
  %13 = getelementptr inbounds nuw i8, ptr %barrier_qubits5, i64 80
  %14 = load <2 x i64>, ptr getelementptr inbounds nuw (i8, ptr @qis_qs, i64 80), align 16
  store <2 x i64> %14, ptr %13, align 16
  call void @___barrier(ptr nonnull %barrier_qubits5, i64 12)
  %qbit19 = load i64, ptr @qis_qs, align 16
  %meas = call i64 @___lazy_measure(i64 %qbit19)
  %qbit20 = load i64, ptr getelementptr inbounds nuw (i8, ptr @qis_qs, i64 8), align 8
  %meas21 = call i64 @___lazy_measure(i64 %qbit20)
  %qbit22 = load i64, ptr getelementptr inbounds nuw (i8, ptr @qis_qs, i64 16), align 16
  %meas23 = call i64 @___lazy_measure(i64 %qbit22)
  %qbit24 = load i64, ptr getelementptr inbounds nuw (i8, ptr @qis_qs, i64 24), align 8
  %meas25 = call i64 @___lazy_measure(i64 %qbit24)
  %qbit26 = load i64, ptr getelementptr inbounds nuw (i8, ptr @qis_qs, i64 32), align 16
  %meas27 = call i64 @___lazy_measure(i64 %qbit26)
  call void @print_int(ptr nonnull @res_t0.1, i64 16, i64 5)
  %bool = call i1 @___read_future_bool(i64 %meas)
  call void @___dec_future_refcount(i64 %meas)
  call void @print_bool(ptr nonnull @res_r1, i64 14, i1 %bool)
  %bool28 = call i1 @___read_future_bool(i64 %meas21)
  call void @___dec_future_refcount(i64 %meas21)
  call void @print_bool(ptr nonnull @res_r2, i64 14, i1 %bool28)
  %bool29 = call i1 @___read_future_bool(i64 %meas23)
  call void @___dec_future_refcount(i64 %meas23)
  call void @print_bool(ptr nonnull @res_r3, i64 14, i1 %bool29)
  %bool30 = call i1 @___read_future_bool(i64 %meas25)
  call void @___dec_future_refcount(i64 %meas25)
  call void @print_bool(ptr nonnull @res_r4, i64 14, i1 %bool30)
  %bool31 = call i1 @___read_future_bool(i64 %meas27)
  call void @___dec_future_refcount(i64 %meas27)
  call void @print_bool(ptr nonnull @res_r5, i64 14, i1 %bool31)
  %qbit32 = load i64, ptr @qis_qs, align 16
  call void @___qfree(i64 %qbit32)
  %qbit33 = load i64, ptr getelementptr inbounds nuw (i8, ptr @qis_qs, i64 8), align 8
  call void @___qfree(i64 %qbit33)
  %qbit34 = load i64, ptr getelementptr inbounds nuw (i8, ptr @qis_qs, i64 16), align 16
  call void @___qfree(i64 %qbit34)
  %qbit35 = load i64, ptr getelementptr inbounds nuw (i8, ptr @qis_qs, i64 24), align 8
  call void @___qfree(i64 %qbit35)
  %qbit36 = load i64, ptr getelementptr inbounds nuw (i8, ptr @qis_qs, i64 32), align 16
  call void @___qfree(i64 %qbit36)
  %qbit37 = load i64, ptr getelementptr inbounds nuw (i8, ptr @qis_qs, i64 40), align 8
  call void @___qfree(i64 %qbit37)
  %qbit38 = load i64, ptr getelementptr inbounds nuw (i8, ptr @qis_qs, i64 48), align 16
  call void @___qfree(i64 %qbit38)
  %qbit39 = load i64, ptr getelementptr inbounds nuw (i8, ptr @qis_qs, i64 56), align 8
  call void @___qfree(i64 %qbit39)
  %qbit40 = load i64, ptr getelementptr inbounds nuw (i8, ptr @qis_qs, i64 64), align 16
  call void @___qfree(i64 %qbit40)
  %qbit41 = load i64, ptr getelementptr inbounds nuw (i8, ptr @qis_qs, i64 72), align 8
  call void @___qfree(i64 %qbit41)
  %qbit42 = load i64, ptr getelementptr inbounds nuw (i8, ptr @qis_qs, i64 80), align 16
  call void @___qfree(i64 %qbit42)
  %qbit43 = load i64, ptr getelementptr inbounds nuw (i8, ptr @qis_qs, i64 88), align 8
  call void @___qfree(i64 %qbit43)
  ret i64 0
}

declare i64 @___qalloc() local_unnamed_addr

declare void @panic(i32, ptr) local_unnamed_addr

declare void @___reset(i64) local_unnamed_addr

; Function Attrs: mustprogress nofree norecurse nosync nounwind willreturn memory(read, argmem: none, inaccessiblemem: none)
define i64 @qir_qis.load_qubit(ptr %0) local_unnamed_addr #0 {
entry:
  %idx = ptrtoint ptr %0 to i64
  %qbit_ptr = getelementptr [12 x i64], ptr @qis_qs, i64 0, i64 %idx
  %qbit = load i64, ptr %qbit_ptr, align 8
  ret i64 %qbit
}

declare void @___barrier(ptr, i64) local_unnamed_addr

declare i64 @___lazy_measure(i64) local_unnamed_addr

declare void @print_int(ptr, i64, i64) local_unnamed_addr

declare i1 @___read_future_bool(i64) local_unnamed_addr

declare void @___dec_future_refcount(i64) local_unnamed_addr

declare void @print_bool(ptr, i64, i1) local_unnamed_addr

declare void @___rxy(i64, double, double) local_unnamed_addr

declare void @___rz(i64, double) local_unnamed_addr

declare void @___rzz(i64, i64, double) local_unnamed_addr

declare void @___qfree(i64) local_unnamed_addr

define i64 @qmain(i64 %0) local_unnamed_addr {
entry:
  tail call void @setup(i64 %0)
  %1 = tail call i64 @___user_qir_test_barriers_multi()
  %retval = tail call i64 @teardown()
  ret i64 %retval
}

declare void @setup(i64) local_unnamed_addr

declare i64 @teardown() local_unnamed_addr

attributes #0 = { mustprogress nofree norecurse nosync nounwind willreturn memory(read, argmem: none, inaccessiblemem: none) }

!llvm.module.flags = !{!0, !1, !2, !3}
!name = !{!4}

!0 = !{i32 1, !"qir_major_version", i32 1}
!1 = !{i32 7, !"qir_minor_version", i32 0}
!2 = !{i32 1, !"dynamic_qubit_management", i1 false}
!3 = !{i32 1, !"dynamic_result_management", i1 false}
!4 = !{!"mainlib"}
