---
source: src/convert.rs
assertion_line: 1970
expression: qis_text.to_string()
---
; ModuleID = 'qis_module'
source_filename = "qir"
target datalayout = "e-m:e-p270:32:32-p271:32:32-p272:64:64-i8:8:32-i16:16:32-i64:64-i128:128-n32:64-S128-Fn32"
target triple = "aarch64-unknown-linux-gnu"

@res_qcheck0 = private constant [20 x i8] c"\13USER:RESULT:qcheck0"
@gen_name = local_unnamed_addr global [7 x i8] c"qir-qis", section ",generator"
@gen_version = local_unnamed_addr global [5 x i8] c"0.0.0", section ",generator"

define noundef i64 @___user_qir_Entry_Point_Name() local_unnamed_addr {
entry:
  %qalloc.i = tail call i64 @___qalloc()
  %is_fail.i = icmp eq i64 %qalloc.i, -1
  br i1 %is_fail.i, label %done, label %alloc_ok

alloc_ok:                                         ; preds = %entry
  tail call void @___rxy(i64 %qalloc.i, double 0x400921FB54442D18, double 0.000000e+00)
  %meas = tail call i64 @___lazy_measure(i64 %qalloc.i)
  %bool = tail call i1 @___read_future_bool(i64 %meas)
  tail call void @___dec_future_refcount(i64 %meas)
  tail call void @print_bool(ptr nonnull @res_qcheck0, i64 19, i1 %bool)
  %is_null.i = icmp eq i64 %qalloc.i, 0
  br i1 %is_null.i, label %done, label %body.i

body.i:                                           ; preds = %alloc_ok
  tail call void @___qfree(i64 %qalloc.i)
  br label %done

done:                                             ; preds = %body.i, %alloc_ok, %entry
  ret i64 0
}

declare i64 @___qalloc() local_unnamed_addr

declare i64 @___lazy_measure(i64) local_unnamed_addr

declare i1 @___read_future_bool(i64) local_unnamed_addr

declare void @___dec_future_refcount(i64) local_unnamed_addr

declare void @print_bool(ptr, i64, i1) local_unnamed_addr

declare void @___qfree(i64) local_unnamed_addr

declare void @___rxy(i64, double, double) local_unnamed_addr

define i64 @qmain(i64 %0) local_unnamed_addr {
entry:
  tail call void @setup(i64 %0)
  %1 = tail call i64 @___user_qir_Entry_Point_Name()
  %retval = tail call i64 @teardown()
  ret i64 %retval
}

declare void @setup(i64) local_unnamed_addr

declare i64 @teardown() local_unnamed_addr

!llvm.module.flags = !{!0, !1, !2, !3, !4}
!name = !{!5}

!0 = !{i32 1, !"qir_major_version", i32 2}
!1 = !{i32 7, !"qir_minor_version", i32 0}
!2 = !{i32 1, !"dynamic_qubit_management", i1 true}
!3 = !{i32 1, !"dynamic_result_management", i1 false}
!4 = !{i32 1, !"arrays", i1 false}
!5 = !{!"mainlib"}
